---
source: crates/types/tests/builder_test.rs
expression: "& input"
---
{
  "name": "TestStruct",
  "ty": {
    "type": "Struct",
    "fields": {
      "num": {
        "schema": {
          "ty": {
            "type": "Integer",
            "kind": "Usize"
          }
        },
        "hidden": false,
        "nullable": false,
        "optional": false,
        "read_only": false,
        "write_only": false
      },
      "str": {
        "schema": {
          "ty": {
            "type": "String"
          }
        },
        "hidden": false,
        "nullable": false,
        "optional": false,
        "read_only": false,
        "write_only": false
      }
    },
    "partial": false
  }
}
