---
source: crates/types/tests/builder_test.rs
expression: "& input"
---
{
  "ty": {
    "type": "Struct",
    "fields": {
      "secs": {
        "schema": {
          "ty": {
            "type": "Integer",
            "kind": "U64"
          }
        }
      },
      "nanos": {
        "schema": {
          "ty": {
            "type": "Integer",
            "kind": "U32"
          }
        }
      }
    },
    "partial": false
  }
}
