---
source: crates/config/tests/defaults_test.rs
expression: "std::fs::read_to_string(file).unwrap()"
---
{
  "$schema": "http://json-schema.org/draft-07/schema#",
  "title": "NestedDefaults",
  "type": "object",
  "required": [
    "nested",
    "nestedMap",
    "nestedOpt",
    "nestedVec"
  ],
  "properties": {
    "nested": {
      "allOf": [
        {
          "$ref": "#/definitions/NativeDefaults"
        }
      ]
    },
    "nestedMap": {
      "type": "object",
      "additionalProperties": {
        "$ref": "#/definitions/NativeDefaults"
      },
      "propertyNames": {
        "type": "string"
      }
    },
    "nestedOpt": {
      "anyOf": [
        {
          "$ref": "#/definitions/NativeDefaults"
        },
        {
          "type": "null"
        }
      ]
    },
    "nestedVec": {
      "type": "array",
      "items": {
        "$ref": "#/definitions/NativeDefaults"
      }
    }
  },
  "definitions": {
    "ContextDefaults": {
      "title": "ContextDefaults",
      "type": "object",
      "required": [
        "count",
        "path"
      ],
      "properties": {
        "count": {
          "type": "number"
        },
        "path": {
          "type": "string",
          "format": "path"
        }
      }
    },
    "CustomDefaults": {
      "title": "CustomDefaults",
      "type": "object",
      "required": [
        "boolean",
        "number",
        "string",
        "vector"
      ],
      "properties": {
        "boolean": {
          "type": "boolean"
        },
        "number": {
          "type": "number"
        },
        "string": {
          "type": "string"
        },
        "vector": {
          "type": "array",
          "items": {
            "type": "number"
          }
        }
      }
    },
    "NativeDefaults": {
      "title": "NativeDefaults",
      "type": "object",
      "required": [
        "boolean",
        "number",
        "string",
        "vector"
      ],
      "properties": {
        "boolean": {
          "type": "boolean"
        },
        "number": {
          "type": "number"
        },
        "string": {
          "type": "string"
        },
        "vector": {
          "type": "array",
          "items": {
            "type": "string"
          }
        }
      }
    },
    "ReqOptDefaults": {
      "title": "ReqOptDefaults",
      "type": "object",
      "required": [
        "optional",
        "required",
        "requiredWithDefault"
      ],
      "properties": {
        "optional": {
          "anyOf": [
            {
              "type": "number"
            },
            {
              "type": "null"
            }
          ]
        },
        "required": {
          "type": "number"
        },
        "requiredWithDefault": {
          "type": "number"
        }
      }
    }
  }
}

