---
source: crates/core/tests/container_from_partial_test.rs
expression: pretty(container.impl_full_from_partial())
---
fn from_partial(partial: Self::Partial) -> Self {
    Self {
        a: {
            let data = partial.a.unwrap_or_default();
            NestedConfig::from_partial(data)
        },
        b: {
            let data = partial.b.unwrap_or_default();
            CustomConfig::from_partial(data)
        },
        c: {
            let data = partial.c;
            match data {
                Some(data) => Some(NestedConfig::from_partial(data)),
                None => None,
            }
        },
        d: {
            let data = partial.d.unwrap_or_default();
            Arc::new(CustomConfig::from_partial(data))
        },
        e: {
            let data = partial.e.unwrap_or_default();
            Box::new(NestedConfig::from_partial(data))
        },
    }
}
