---
source: crates/core/tests/container_partial_test.rs
expression: container.args.partial.as_ref().unwrap()
---
PartialArg {
    meta: [
        Meta(
            Meta::List {
                path: Path {
                    leading_colon: None,
                    segments: [
                        PathSegment {
                            ident: Ident(
                                derive,
                            ),
                            arguments: PathArguments::None,
                        },
                    ],
                },
                delimiter: MacroDelimiter::Paren(
                    Paren,
                ),
                tokens: TokenStream [
                    Ident {
                        sym: Other,
                    },
                ],
            },
        ),
        Meta(
            Meta::List {
                path: Path {
                    leading_colon: None,
                    segments: [
                        PathSegment {
                            ident: Ident(
                                serde,
                            ),
                            arguments: PathArguments::None,
                        },
                    ],
                },
                delimiter: MacroDelimiter::Paren(
                    Paren,
                ),
                tokens: TokenStream [
                    Ident {
                        sym: another,
                    },
                ],
            },
        ),
    ],
}
