---
source: crates/core/tests/container_from_partial_test.rs
expression: pretty(container.impl_full_from_partial())
---
fn from_partial(partial: Self::Partial) -> Self {
    Self(
        {
            let data = partial.0.unwrap_or_default();
            {
                let mut list = Vec::default();
                for data in data {
                    list.push(NestedConfig::from_partial(data));
                }
                list
            }
        },
        {
            let data = partial.1.unwrap_or_default();
            {
                let mut map = HashMap::default();
                for (key, data) in data {
                    map.insert(key, CustomConfig::from_partial(data));
                }
                map
            }
        },
        {
            let data = partial.2;
            match data {
                Some(data) => {
                    Some({
                        let mut set = BTreeSet::default();
                        for data in data {
                            set.insert(NestedConfig::from_partial(data));
                        }
                        set
                    })
                }
                None => None,
            }
        },
    )
}
