---
source: crates/schematic/tests/generator_test.rs
expression: "fs::read_to_string(file).unwrap()"
---
{
  "boolean": false,
  "enums": "foo",
  "expandArray": [
    {
      "enums": "foo",
      "opt": ""
    }
  ],
  "expandArrayPrimitive": [
    0
  ],
  "expandObject": {
    "example": {
      "enums": "foo",
      "opt": ""
    }
  },
  "expandObjectPrimitive": {
    "example": 0
  },
  "fallbackEnum": "foo",
  "float64": 1.23,
  "nested": {
    "enums": "foo",
    "opt": ""
  },
  "number": 0,
  "one": {
    "two": {
      "opt": "",
    }
  },
  "string": "abc",
  "vector": []
}
