---
source: crates/schematic/tests/generator_test.rs
expression: "generate(generator, ApiDocsOptions::default())"
---
---
title: DocsConfig
---

A config that exercises everything the docs can describe.

- With a list item.
- And another.

## Index

| Property | Type | Description |
| --- | --- | --- |
| [`boolean`](#boolean) | `boolean` | An optional boolean. |
| [`duration`](#duration) | `{ nanos: number, secs: number }` | An inline struct. |
| [`ident`](#ident) | `string` | A constrained string. |
| [`level`](#level) | [`BasicEnum`](./BasicEnum.md) | An enum, which carries its own default. |
| [`list`](#list) | `AnotherConfig[]` | A list of nested configs. |
| [`map`](#map) | `Record<string, BasicEnum>` | A map of enums. |
| [`name`](#name) | `string` | A string with a default and aliases. |
| [`nested`](#nested) | [`AnotherConfig`](./AnotherConfig.md) | An optional nested config. |
| [`nullable_items`](#nullable_items) | `(BasicEnum \| null)[]` | A list of nullable enums. |
| [`old_name`](#old_name) | `string` | A deprecated field, use `name` instead. |
| [`pair`](#pair) | `[string, number]` | A tuple of values. |
| [`port`](#port) | `number` | A constrained integer. |
| [`targets`](#targets) | [`Targets`](./Targets.md) | A union of a list or a map. |

## Properties

### `boolean`

> **Optional**

An optional boolean.

| Attribute | Value |
| --- | --- |
| Type | `boolean` |

### `duration`

> **Required**

An inline struct.

| Attribute | Value |
| --- | --- |
| Type | `{ nanos: number, secs: number }` |

### `ident`

> **Nullable**

A constrained string.

| Attribute | Value |
| --- | --- |
| Type | `string` |
| Pattern | `^[a-z][a-z0-9-]*$` |
| Min length | `1` |
| Max length | `32` |

### `level`

> **Required**

An enum, which carries its own default.

| Attribute | Value |
| --- | --- |
| Type | [`BasicEnum`](./BasicEnum.md) |
| Default | `"foo"` |
| Values | `"foo"`, `"bar"`, `"baz"` |

### `list`

> **Required**

A list of nested configs.

| Attribute | Value |
| --- | --- |
| Type | `AnotherConfig[]` |
| References | [`AnotherConfig`](./AnotherConfig.md) |

### `map`

> **Required**

A map of enums.

| Attribute | Value |
| --- | --- |
| Type | `Record<string, BasicEnum>` |
| References | [`BasicEnum`](./BasicEnum.md) |

### `name`

> **Optional**

A string with a default and aliases.

| Attribute | Value |
| --- | --- |
| Type | `string` |
| Default | `"hello"` |
| Aliases | `label`, `title` |
| Environment variable | `DOCS_NAME` |

### `nested`

> **Nullable**

An optional nested config.

| Attribute | Value |
| --- | --- |
| Type | [`AnotherConfig`](./AnotherConfig.md) |

### `nullable_items`

> **Required**

A list of nullable enums.

| Attribute | Value |
| --- | --- |
| Type | `(BasicEnum \| null)[]` |
| References | [`BasicEnum`](./BasicEnum.md) |

### `old_name`

> **Nullable** · **Deprecated** (Use `name` instead.)

A deprecated field, use `name` instead.

| Attribute | Value |
| --- | --- |
| Type | `string` |

### `pair`

> **Required**

A tuple of values.

| Attribute | Value |
| --- | --- |
| Type | `[string, number]` |

### `port`

> **Required**

A constrained integer.

| Attribute | Value |
| --- | --- |
| Type | `number` |
| Minimum | `1024` |
| Maximum | `49151` |

### `targets`

> **Required**

A union of a list or a map.

| Attribute | Value |
| --- | --- |
| Type | [`Targets`](./Targets.md) |

## References

- [`AnotherConfig`](./AnotherConfig.md)
- [`BasicEnum`](./BasicEnum.md)
- [`Targets`](./Targets.md)
