---
source: crates/schematic/tests/generator_test.rs
expression: "fs::read_to_string(file).unwrap()"
---
{
  // This is a boolean with a medium length description.
  // @env TEMPLATE_BOOLEAN
  "boolean": false,

  "emptyArray": [],

  "emptyObject": {},

  // This is an enum with a medium length description and deprecated.
  // @deprecated Dont use enums!
  // @values "foo" | "bar" | "baz"
  "enums": "foo",

  // This field is testing array expansion.
  "expandArray": [
    {
      // An optional enum.
      "enums": "foo",

      // An optional string.
      "opt": ""
    }
  ],

  "expandArrayPrimitive": [
    123456
  ],

  // This field is testing object expansion.
  "expandObject": {
    "example": {
      // An optional enum.
      "enums": "foo",

      // An optional string.
      "opt": ""
    }
  },

  "expandObjectPrimitive": {
    "example": 0
  },

  // @values "foo" | "bar" | "baz"
  "fallbackEnum": "foo",

  // This is a float thats deprecated.
  // @deprecated
  // "float32": 0.0,

  // This is a float.
  "float64": 1.23,

  // This is a map of numbers.
  // "map": {},

  // This is a nested struct with its own fields.
  "nested": {
    // An optional enum.
    "enums": "foo",

    // An optional string.
    "opt": "custom nested value"
  },

  // This is a number with a long description.
  // This is a number with a long description.
  "number": 0,

  // This is a nested struct with its own fields.
  "one": {
    // This is another nested field.
    "two": {
      // An optional string.
      // @env ENV_PREFIX_OPT
      "opt": "",
    }
  },

  // This is a string.
  "string": "custom value",

  // This is a list of strings.
  "vector": []
}
