---
source: crates/schematic/tests/macro_enum_test.rs
expression: "std::fs::read_to_string(file).unwrap()"
---
{
  "$schema": "http://json-schema.org/draft-07/schema#",
  "title": "PartialAdjacentTagged",
  "anyOf": [
    {
      "type": "object",
      "required": [
        "type"
      ],
      "properties": {
        "type": {
          "const": "Foo"
        }
      },
      "additionalProperties": false
    },
    {
      "type": "object",
      "required": [
        "content",
        "type"
      ],
      "properties": {
        "content": {
          "type": "boolean"
        },
        "type": {
          "const": "Bar"
        }
      },
      "additionalProperties": false
    },
    {
      "type": "object",
      "required": [
        "content",
        "type"
      ],
      "properties": {
        "content": {
          "type": "number"
        },
        "type": {
          "const": "bazzer"
        }
      },
      "additionalProperties": false
    },
    {
      "type": "object",
      "required": [
        "content",
        "type"
      ],
      "properties": {
        "content": {
          "$ref": "#/definitions/PartialSomeConfig"
        },
        "type": {
          "const": "Qux"
        }
      },
      "additionalProperties": false
    }
  ],
  "definitions": {
    "AdjacentTagged": {
      "title": "AdjacentTagged",
      "anyOf": [
        {
          "type": "object",
          "required": [
            "type"
          ],
          "properties": {
            "type": {
              "const": "Foo"
            }
          },
          "additionalProperties": false
        },
        {
          "type": "object",
          "required": [
            "content",
            "type"
          ],
          "properties": {
            "content": {
              "type": "boolean"
            },
            "type": {
              "const": "Bar"
            }
          },
          "additionalProperties": false
        },
        {
          "type": "object",
          "required": [
            "content",
            "type"
          ],
          "properties": {
            "content": {
              "type": "number"
            },
            "type": {
              "const": "bazzer"
            }
          },
          "additionalProperties": false
        },
        {
          "type": "object",
          "required": [
            "content",
            "type"
          ],
          "properties": {
            "content": {
              "$ref": "#/definitions/SomeConfig"
            },
            "type": {
              "const": "Qux"
            }
          },
          "additionalProperties": false
        }
      ]
    },
    "AllUnit": {
      "title": "AllUnit",
      "type": "string",
      "enum": [
        "Foo",
        "Bar",
        "Baz"
      ]
    },
    "AllUnnamed": {
      "title": "AllUnnamed",
      "anyOf": [
        {
          "type": "object",
          "required": [
            "Foo"
          ],
          "properties": {
            "Foo": {
              "type": "string"
            }
          },
          "additionalProperties": false
        },
        {
          "type": "object",
          "required": [
            "Bar"
          ],
          "properties": {
            "Bar": {
              "type": "boolean"
            }
          },
          "additionalProperties": false
        },
        {
          "type": "object",
          "required": [
            "Baz"
          ],
          "properties": {
            "Baz": {
              "type": "number"
            }
          },
          "additionalProperties": false
        }
      ]
    },
    "ExternalTagged": {
      "title": "ExternalTagged",
      "anyOf": [
        {
          "const": "Foo"
        },
        {
          "type": "object",
          "required": [
            "Bar"
          ],
          "properties": {
            "Bar": {
              "type": "boolean"
            }
          },
          "additionalProperties": false
        },
        {
          "type": "object",
          "required": [
            "bazzer"
          ],
          "properties": {
            "bazzer": {
              "type": "number"
            }
          },
          "additionalProperties": false
        },
        {
          "type": "object",
          "required": [
            "Qux"
          ],
          "properties": {
            "Qux": {
              "$ref": "#/definitions/SomeConfig"
            }
          },
          "additionalProperties": false
        }
      ]
    },
    "InternalTagged": {
      "title": "InternalTagged",
      "anyOf": [
        {
          "type": "object",
          "required": [
            "type"
          ],
          "properties": {
            "type": {
              "const": "Foo"
            }
          },
          "additionalProperties": false
        },
        {
          "type": "boolean"
        },
        {
          "type": "number"
        },
        {
          "$ref": "#/definitions/SomeConfig"
        }
      ]
    },
    "NestedConfigs": {
      "title": "NestedConfigs",
      "anyOf": [
        {
          "type": "object",
          "required": [
            "String"
          ],
          "properties": {
            "String": {
              "type": "string"
            }
          },
          "additionalProperties": false
        },
        {
          "type": "object",
          "required": [
            "Object"
          ],
          "properties": {
            "Object": {
              "$ref": "#/definitions/SomeConfig"
            }
          },
          "additionalProperties": false
        },
        {
          "type": "object",
          "required": [
            "Objects"
          ],
          "properties": {
            "Objects": {
              "type": "array",
              "items": [
                {
                  "$ref": "#/definitions/SomeConfig"
                },
                {
                  "$ref": "#/definitions/SomeConfig"
                }
              ],
              "maxItems": 2,
              "minItems": 2
            }
          },
          "additionalProperties": false
        }
      ]
    },
    "OfBothTypes": {
      "title": "OfBothTypes",
      "anyOf": [
        {
          "type": "null"
        },
        {
          "type": "object",
          "required": [
            "Bar"
          ],
          "properties": {
            "Bar": {
              "type": "array",
              "items": [
                {
                  "type": "boolean"
                },
                {
                  "type": "number"
                }
              ],
              "maxItems": 2,
              "minItems": 2
            }
          },
          "additionalProperties": false
        }
      ]
    },
    "PartialAllUnit": {
      "title": "PartialAllUnit",
      "type": "string",
      "enum": [
        "Foo",
        "Bar",
        "Baz"
      ]
    },
    "PartialAllUnnamed": {
      "title": "PartialAllUnnamed",
      "anyOf": [
        {
          "type": "object",
          "required": [
            "Foo"
          ],
          "properties": {
            "Foo": {
              "type": "string"
            }
          },
          "additionalProperties": false
        },
        {
          "type": "object",
          "required": [
            "Bar"
          ],
          "properties": {
            "Bar": {
              "type": "boolean"
            }
          },
          "additionalProperties": false
        },
        {
          "type": "object",
          "required": [
            "Baz"
          ],
          "properties": {
            "Baz": {
              "type": "number"
            }
          },
          "additionalProperties": false
        }
      ]
    },
    "PartialExternalTagged": {
      "title": "PartialExternalTagged",
      "anyOf": [
        {
          "const": "Foo"
        },
        {
          "type": "object",
          "required": [
            "Bar"
          ],
          "properties": {
            "Bar": {
              "type": "boolean"
            }
          },
          "additionalProperties": false
        },
        {
          "type": "object",
          "required": [
            "bazzer"
          ],
          "properties": {
            "bazzer": {
              "type": "number"
            }
          },
          "additionalProperties": false
        },
        {
          "type": "object",
          "required": [
            "Qux"
          ],
          "properties": {
            "Qux": {
              "$ref": "#/definitions/PartialSomeConfig"
            }
          },
          "additionalProperties": false
        }
      ]
    },
    "PartialInternalTagged": {
      "title": "PartialInternalTagged",
      "anyOf": [
        {
          "type": "object",
          "required": [
            "type"
          ],
          "properties": {
            "type": {
              "const": "Foo"
            }
          },
          "additionalProperties": false
        },
        {
          "type": "boolean"
        },
        {
          "type": "number"
        },
        {
          "$ref": "#/definitions/PartialSomeConfig"
        }
      ]
    },
    "PartialNestedConfigs": {
      "title": "PartialNestedConfigs",
      "anyOf": [
        {
          "type": "object",
          "required": [
            "String"
          ],
          "properties": {
            "String": {
              "type": "string"
            }
          },
          "additionalProperties": false
        },
        {
          "type": "object",
          "required": [
            "Object"
          ],
          "properties": {
            "Object": {
              "$ref": "#/definitions/PartialSomeConfig"
            }
          },
          "additionalProperties": false
        },
        {
          "type": "object",
          "required": [
            "Objects"
          ],
          "properties": {
            "Objects": {
              "type": "array",
              "items": [
                {
                  "$ref": "#/definitions/PartialSomeConfig"
                },
                {
                  "$ref": "#/definitions/PartialSomeConfig"
                }
              ],
              "maxItems": 2,
              "minItems": 2
            }
          },
          "additionalProperties": false
        }
      ]
    },
    "PartialOfBothTypes": {
      "title": "PartialOfBothTypes",
      "anyOf": [
        {
          "type": "null"
        },
        {
          "type": "object",
          "required": [
            "Bar"
          ],
          "properties": {
            "Bar": {
              "type": "array",
              "items": [
                {
                  "type": "boolean"
                },
                {
                  "type": "number"
                }
              ],
              "maxItems": 2,
              "minItems": 2
            }
          },
          "additionalProperties": false
        }
      ]
    },
    "PartialSomeConfig": {
      "title": "PartialSomeConfig",
      "type": "object",
      "properties": {
        "bar": {
          "anyOf": [
            {
              "type": "number"
            },
            {
              "type": "null"
            }
          ]
        },
        "foo": {
          "anyOf": [
            {
              "type": "string"
            },
            {
              "type": "null"
            }
          ]
        }
      },
      "additionalProperties": false
    },
    "PartialUntagged": {
      "title": "PartialUntagged",
      "anyOf": [
        {
          "type": "null"
        },
        {
          "type": "boolean"
        },
        {
          "type": "array",
          "items": [
            {
              "type": "number"
            },
            {
              "type": "string"
            }
          ],
          "maxItems": 2,
          "minItems": 2
        },
        {
          "$ref": "#/definitions/PartialSomeConfig"
        }
      ]
    },
    "PartialWithComments": {
      "title": "PartialWithComments",
      "description": "Container",
      "type": "string",
      "enum": [
        "Foo",
        "Bar",
        "Baz"
      ]
    },
    "PartialWithSerde": {
      "title": "PartialWithSerde",
      "anyOf": [
        {
          "type": "string"
        },
        {
          "type": "boolean"
        },
        {
          "type": "number"
        }
      ]
    },
    "SomeConfig": {
      "title": "SomeConfig",
      "type": "object",
      "required": [
        "bar",
        "foo"
      ],
      "properties": {
        "bar": {
          "type": "number"
        },
        "foo": {
          "type": "string"
        }
      },
      "additionalProperties": false
    },
    "Untagged": {
      "title": "Untagged",
      "anyOf": [
        {
          "type": "null"
        },
        {
          "type": "boolean"
        },
        {
          "type": "array",
          "items": [
            {
              "type": "number"
            },
            {
              "type": "string"
            }
          ],
          "maxItems": 2,
          "minItems": 2
        },
        {
          "$ref": "#/definitions/SomeConfig"
        }
      ]
    },
    "WithComments": {
      "title": "WithComments",
      "description": "Container",
      "type": "string",
      "enum": [
        "Foo",
        "Bar",
        "Baz"
      ]
    },
    "WithSerde": {
      "title": "WithSerde",
      "anyOf": [
        {
          "type": "string"
        },
        {
          "type": "boolean"
        },
        {
          "type": "number"
        }
      ]
    }
  }
}
