---
source: crates/schematic/tests/partialize_test.rs
expression: "create_diff::<NestedList>()"
---
⬛️Schema {
⬛️    deprecated: None,
⬛️    description: None,
⬛️    name: Some(
🟥        "NestedList",
🟩        "PartialNestedList",
⬛️    ),
⬛️    nullable: false,
⬛️    ty: Struct(
⬛️        StructType {
⬛️            fields: {
⬛️                "field": SchemaField {
⬛️                    aliases: [],
⬛️                    comment: None,
⬛️                    schema: Schema {
⬛️                        deprecated: None,
⬛️                        description: None,
⬛️                        name: None,
🟥                        nullable: false,
🟥                        ty: Array(
🟥                            ArrayType {
🟥                                contains: None,
🟥                                items_type: Schema {
🟥                                    deprecated: None,
🟥                                    description: None,
🟥                                    name: Some(
🟥                                        "Basic",
🟥                                    ),
🟥                                    nullable: false,
🟥                                    ty: Struct(
🟥                                        StructType {
🟥                                            fields: {
🟥                                                "field": SchemaField {
🟥                                                    aliases: [],
🟥                                                    comment: None,
🟥                                                    schema: Schema {
🟥                                                        deprecated: None,
🟥                                                        description: None,
🟥                                                        name: None,
🟥                                                        nullable: false,
🟥                                                        ty: String(
🟥                                                            StringType {
🟥                                                                default: None,
🟥                                                                enum_values: None,
🟥                                                                format: None,
🟥                                                                max_length: None,
🟥                                                                min_length: None,
🟥                                                                pattern: None,
🟥                                                            },
🟥                                                        ),
🟥                                                    },
🟩                        nullable: true,
🟩                        ty: Union(
🟩                            UnionType {
🟩                                default_index: None,
🟩                                partial: false,
🟩                                operator: AnyOf,
🟩                                variants_types: [
🟩                                    Schema {
🟩                                        deprecated: None,
🟩                                        description: None,
🟩                                        name: None,
🟩                                        nullable: false,
🟩                                        ty: Array(
🟩                                            ArrayType {
🟩                                                contains: None,
🟩                                                items_type: Schema {
⬛️                                                    deprecated: None,
🟥                                                    env_var: None,
🟥                                                    flatten: false,
🟥                                                    hidden: false,
🟩                                                    description: None,
🟩                                                    name: Some(
🟩                                                        "PartialBasic",
🟩                                                    ),
⬛️                                                    nullable: false,
🟥                                                    optional: false,
🟥                                                    read_only: false,
🟥                                                    write_only: false,
🟩                                                    ty: Struct(
🟩                                                        StructType {
🟩                                                            fields: {
🟩                                                                "field": SchemaField {
🟩                                                                    aliases: [],
🟩                                                                    comment: None,
🟩                                                                    schema: Schema {
🟩                                                                        deprecated: None,
🟩                                                                        description: None,
🟩                                                                        name: None,
🟩                                                                        nullable: true,
🟩                                                                        ty: Union(
🟩                                                                            UnionType {
🟩                                                                                default_index: None,
🟩                                                                                partial: false,
🟩                                                                                operator: AnyOf,
🟩                                                                                variants_types: [
🟩                                                                                    Schema {
🟩                                                                                        deprecated: None,
🟩                                                                                        description: None,
🟩                                                                                        name: None,
🟩                                                                                        nullable: false,
🟩                                                                                        ty: String(
🟩                                                                                            StringType {
🟩                                                                                                default: None,
🟩                                                                                                enum_values: None,
🟩                                                                                                format: None,
🟩                                                                                                max_length: None,
🟩                                                                                                min_length: None,
🟩                                                                                                pattern: None,
🟩                                                                                            },
🟩                                                                                        ),
🟩                                                                                    },
🟩                                                                                    Schema {
🟩                                                                                        deprecated: None,
🟩                                                                                        description: None,
🟩                                                                                        name: None,
🟩                                                                                        nullable: false,
🟩                                                                                        ty: Null,
🟩                                                                                    },
🟩                                                                                ],
🟩                                                                            },
🟩                                                                        ),
🟩                                                                    },
🟩                                                                    deprecated: None,
🟩                                                                    env_var: None,
🟩                                                                    flatten: false,
🟩                                                                    hidden: false,
🟩                                                                    nullable: true,
🟩                                                                    optional: true,
🟩                                                                    read_only: false,
🟩                                                                    write_only: false,
🟩                                                                },
🟩                                                            },
🟩                                                            partial: true,
🟩                                                            required: None,
🟩                                                        },
🟩                                                    ),
⬛️                                                },
🟩                                                max_contains: None,
🟩                                                max_length: None,
🟩                                                min_contains: None,
🟩                                                min_length: None,
🟩                                                unique: None,
⬛️                                            },
🟥                                            partial: true,
🟥                                            required: None,
🟥                                        },
🟥                                    ),
🟥                                },
🟥                                max_contains: None,
🟥                                max_length: None,
🟥                                min_contains: None,
🟥                                min_length: None,
🟥                                unique: None,
🟩                                        ),
🟩                                    },
🟩                                    Schema {
🟩                                        deprecated: None,
🟩                                        description: None,
🟩                                        name: None,
🟩                                        nullable: false,
🟩                                        ty: Null,
🟩                                    },
🟩                                ],
⬛️                            },
⬛️                        ),
⬛️                    },
⬛️                    deprecated: None,
⬛️                    env_var: None,
⬛️                    flatten: false,
⬛️                    hidden: false,
🟥                    nullable: false,
🟥                    optional: false,
🟩                    nullable: true,
🟩                    optional: true,
⬛️                    read_only: false,
⬛️                    write_only: false,
⬛️                },
⬛️                "fieldOpt": SchemaField {
⬛️                    aliases: [],
⬛️                    comment: None,
⬛️                    schema: Schema {
⬛️                        deprecated: None,
⬛️                        description: None,
⬛️                        name: None,
⬛️                        nullable: true,
⬛️                        ty: Union(
⬛️                            UnionType {
⬛️                                default_index: None,
⬛️                                partial: true,
⬛️                                operator: AnyOf,
⬛️                                variants_types: [
⬛️                                    Schema {
⬛️                                        deprecated: None,
⬛️                                        description: None,
⬛️                                        name: None,
⬛️                                        nullable: false,
⬛️                                        ty: Array(
⬛️                                            ArrayType {
⬛️                                                contains: None,
⬛️                                                items_type: Schema {
⬛️                                                    deprecated: None,
⬛️                                                    description: None,
⬛️                                                    name: Some(
🟥                                                        "Basic",
🟩                                                        "PartialBasic",
⬛️                                                    ),
⬛️                                                    nullable: false,
⬛️                                                    ty: Struct(
⬛️                                                        StructType {
⬛️                                                            fields: {
⬛️                                                                "field": SchemaField {
⬛️                                                                    aliases: [],
⬛️                                                                    comment: None,
⬛️                                                                    schema: Schema {
⬛️                                                                        deprecated: None,
⬛️                                                                        description: None,
⬛️                                                                        name: None,
🟥                                                                        nullable: false,
🟥                                                                        ty: String(
🟥                                                                            StringType {
🟥                                                                                default: None,
🟥                                                                                enum_values: None,
🟥                                                                                format: None,
🟥                                                                                max_length: None,
🟥                                                                                min_length: None,
🟥                                                                                pattern: None,
🟩                                                                        nullable: true,
🟩                                                                        ty: Union(
🟩                                                                            UnionType {
🟩                                                                                default_index: None,
🟩                                                                                partial: false,
🟩                                                                                operator: AnyOf,
🟩                                                                                variants_types: [
🟩                                                                                    Schema {
🟩                                                                                        deprecated: None,
🟩                                                                                        description: None,
🟩                                                                                        name: None,
🟩                                                                                        nullable: false,
🟩                                                                                        ty: String(
🟩                                                                                            StringType {
🟩                                                                                                default: None,
🟩                                                                                                enum_values: None,
🟩                                                                                                format: None,
🟩                                                                                                max_length: None,
🟩                                                                                                min_length: None,
🟩                                                                                                pattern: None,
🟩                                                                                            },
🟩                                                                                        ),
🟩                                                                                    },
🟩                                                                                    Schema {
🟩                                                                                        deprecated: None,
🟩                                                                                        description: None,
🟩                                                                                        name: None,
🟩                                                                                        nullable: false,
🟩                                                                                        ty: Null,
🟩                                                                                    },
🟩                                                                                ],
⬛️                                                                            },
⬛️                                                                        ),
⬛️                                                                    },
⬛️                                                                    deprecated: None,
⬛️                                                                    env_var: None,
⬛️                                                                    flatten: false,
⬛️                                                                    hidden: false,
🟥                                                                    nullable: false,
🟥                                                                    optional: false,
🟩                                                                    nullable: true,
🟩                                                                    optional: true,
⬛️                                                                    read_only: false,
⬛️                                                                    write_only: false,
⬛️                                                                },
⬛️                                                            },
⬛️                                                            partial: true,
⬛️                                                            required: None,
⬛️                                                        },
⬛️                                                    ),
⬛️                                                },
⬛️                                                max_contains: None,
⬛️                                                max_length: None,
⬛️                                                min_contains: None,
⬛️                                                min_length: None,
⬛️                                                unique: None,
⬛️                                            },
⬛️                                        ),
⬛️                                    },
⬛️                                    Schema {
⬛️                                        deprecated: None,
⬛️                                        description: None,
⬛️                                        name: None,
⬛️                                        nullable: false,
⬛️                                        ty: Null,
⬛️                                    },
⬛️                                ],
⬛️                            },
⬛️                        ),
⬛️                    },
⬛️                    deprecated: None,
⬛️                    env_var: None,
⬛️                    flatten: false,
⬛️                    hidden: false,
⬛️                    nullable: true,
🟥                    optional: false,
🟩                    optional: true,
⬛️                    read_only: false,
⬛️                    write_only: false,
⬛️                },
⬛️            },
⬛️            partial: false,
⬛️            required: None,
⬛️        },
⬛️    ),
⬛️}
